# SPIKE-009 device harness -- recorded run (part 2: D4 lock, D7)
# date: 2026-10-06T21:03Z-21:20Z
# device, host, toolchain and pins: as part 1 (REPRODUCTION-2026-10-06.log); production crates pinned at 7e2978d1
# libspike009.so sha256 prefix: 6f6c5fc79736c467 (part 2 adds Core.peerOfPhrase, the Prompt and Phrase activities)
# D4 lock: input keyevent 26 (keyguard showing), then unwrap bg; unwrap up
# D7, for M in control secure (Phrase activity, --ez control true for the control):
#   am start; adb shell input text <the 24 words, %s-separated>; screencap; screenrecord --time-limit 3;
#   dumpsys input_method; dumpsys autofill; keyevent 187 (recents) + screencap; back; Enter (check); Home; force-stop
#   then: logcat -d searched for a phrase word; run-as grep -rl over the app's data directory
# key material: TEST-ONLY -- the phrase typed is the public all-zero BIP-39 vector's (23 x abandon, art)
# captures are NOT committed: the recents captures also show another app's content on this device

## harness result lines (files/results.jsonl, verbatim, after part 1)
{"t":1791320682530,"cmd":"unwrap","alias":"bg","detail":"","outcome":"seed"}
{"t":1791320685762,"cmd":"unwrap","alias":"up","detail":"","outcome":"UserNotAuthenticatedException"}
{"t":1791321418335,"cmd":"phrase-control-open","alias":null,"detail":"control","outcome":"shown"}
{"t":1791321447459,"cmd":"phrase-control-check","alias":null,"detail":"fixture_peer=true","outcome":"valid"}
{"t":1791321447470,"cmd":"phrase-control-check","alias":null,"detail":"fixture_peer=true","outcome":"valid"}
{"t":1791321455031,"cmd":"phrase-open","alias":null,"detail":"secure","outcome":"shown"}
{"t":1791321480985,"cmd":"phrase-check","alias":null,"detail":"fixture_peer=true","outcome":"valid"}
{"t":1791321481022,"cmd":"phrase-check","alias":null,"detail":"fixture_peer=false","outcome":"invalid"}
{"t":1791321553760,"cmd":"phrase-control-open","alias":null,"detail":"control","outcome":"shown"}
{"t":1791321560615,"cmd":"phrase-open","alias":null,"detail":"secure","outcome":"shown"}

## measurements (host-side, from the captures; images kept out of the tree)
screencap, control: 1080x2340, non-black 0.794, the typed words legible
screencap, secure:  no image -- screencap wrote an empty file (the capture is refused, not black)
screenrecord frame at 1.5 s, control: non-black 0.794, words legible
screenrecord frame at 1.5 s, secure:  non-black 0.266 -- the activity's area black; the IME window (Samsung Keyboard) visible and NOT covered by FLAG_SECURE, showing no typed text in this frame
recents card (x 1010-1080, y 420-1560 of the recents capture), control: non-white 0.129, 207 grey levels -- "SPIKE", "CONTR", "aband" legible
recents card, secure: non-white 0.044, 50 grey levels -- a blank white snapshot
IME current editor (dumpsys input_method, the line with privateImeOptions; re-measured 21:21Z with the screen shown, nothing typed):
  control: inputType=0x1 imeOptions=0x8000005
  secure:  inputType=0x80091 (TEXT | VISIBLE_PASSWORD | NO_SUGGESTIONS) imeOptions=0x9000006 (ACTION_DONE | NO_PERSONALIZED_LEARNING | 0x8000000)
autofill (dumpsys autofill, the harness's lines only; service com.samsung.android.samsungpassautofill, augmented service com.samsung.android.smartsuggestions):
  control: id=775019028 f=0 aa=false; fill request req=99 TYPE=SUCCESS PKG=org.interweave.spike009; augmented requests on that session at 01:16:59 and 01:17:25 (device local time)
  secure:  id=1921793897 f=12 aa=true; no fill request for the harness; no augmented request for that session
logcat lines containing "abandon" over both modes: 0
files under the app's data directory containing "abandon": none
