# SPIKE-004 phase B, node rows: reproduction run
#
# command: NODE_BIN=<node> WORK=<scratch> ./nodes.sh all   (in this directory)
# script:  nodes.sh at 8ee1ec5f
# pin:     6500391e  (node/Cargo.toml; node built with --locked, sha256 5c74aa5e...,
#          printed per row below)
# date:    2026-09-26, 11:10:31Z to 11:53:16Z
#
# Committed as captured, unmodified below this header. The punch rows ran
# PUNCH_TRIALS=10 and every other variable at its default.
#
== row services: two relay + probe services ==
  router-a lan=10.89.0.2 pub=11.0.0.5
  natm-router: snat on eth0 using: masquerade
  router-b lan=10.89.1.2 pub=11.0.0.6
  natm-router-b: snat on eth1 using: masquerade
  NAT mode: eim (both domains)
  filter  : conntrack (both domains)
  kernel : 6.17.9-1.qubes.fc37.x86_64
  podman : podman version 5.8.4
  nft    : nftables v1.1.3 (Commodore Bullmoose #4) (natm-router)
  nft    : nftables v1.1.3 (Commodore Bullmoose #4) (natm-router-b)
  socat  : socat version 1.8.1.3 on 26 Jun 2026 14:49:35 (natm-obs1)
  node   : sha256 5c74aa5ecca22e8d1100071bf8adeb73317cd74f2b1a7fdf1f6742e3fac4e9f4
  pin    : 6500391e752590ac8d89069bba7ed80fc09925bb
  image  : 1f8d1afe3f1f74403335d53bd019759817ab58d3efb1bbf9e6bc0d43b377ce5e
  ok     : r1 verified public at its own address, by r2's probe
  ok     : r2 verified public at its own address, by r1's probe
  ok     : a relay probed the client at router A's public address and was not let through (r1)
  ok     : a reservation on r1, carrying r1's verified address
  ok     : a reservation on r2, carrying r2's
  ok     : the client's standing is satisfied, two of two
  ok     : the client behind the NAT is never verified public
ROW services: PASS
== row loss: a relay lost under a reserved client ==
  router-a lan=10.89.0.2 pub=11.0.0.5
  natm-router: snat on eth0 using: masquerade
  router-b lan=10.89.1.2 pub=11.0.0.6
  natm-router-b: snat on eth0 using: masquerade
  NAT mode: eim (both domains)
  filter  : conntrack (both domains)
  kernel : 6.17.9-1.qubes.fc37.x86_64
  podman : podman version 5.8.4
  nft    : nftables v1.1.3 (Commodore Bullmoose #4) (natm-router)
  nft    : nftables v1.1.3 (Commodore Bullmoose #4) (natm-router-b)
  socat  : socat version 1.8.1.3 on 26 Jun 2026 14:49:35 (natm-obs1)
  node   : sha256 5c74aa5ecca22e8d1100071bf8adeb73317cd74f2b1a7fdf1f6742e3fac4e9f4
  pin    : 6500391e752590ac8d89069bba7ed80fc09925bb
  image  : 1f8d1afe3f1f74403335d53bd019759817ab58d3efb1bbf9e6bc0d43b377ce5e
  ok     : r1 verified public at its own address, by r2's probe
  ok     : r2 verified public at its own address, by r1's probe
  ok     : the client holds a reservation on each relay
  killed : r1
  ok     : the reservation on the killed relay is reported gone
  ok     : the client's standing drops to one of two, not to none
  ok     : a dialer behind router B reaches the client over the surviving relay
  ok     : the control: the same dialer through the dead relay fails
  ok     : the surviving reservation was not lost after r1 was
ROW loss: PASS
== row capacity: r1 holds 1 reservation(s), two clients ask ==
  router-a lan=10.89.0.2 pub=11.0.0.5
  natm-router: snat on eth0 using: masquerade
  router-b lan=10.89.1.2 pub=11.0.0.6
  natm-router-b: snat on eth0 using: masquerade
  NAT mode: eim (both domains)
  filter  : conntrack (both domains)
  kernel : 6.17.9-1.qubes.fc37.x86_64
  podman : podman version 5.8.4
  nft    : nftables v1.1.3 (Commodore Bullmoose #4) (natm-router)
  nft    : nftables v1.1.3 (Commodore Bullmoose #4) (natm-router-b)
  socat  : socat version 1.8.1.3 on 26 Jun 2026 14:49:35 (natm-obs1)
  node   : sha256 5c74aa5ecca22e8d1100071bf8adeb73317cd74f2b1a7fdf1f6742e3fac4e9f4
  pin    : 6500391e752590ac8d89069bba7ed80fc09925bb
  image  : 1f8d1afe3f1f74403335d53bd019759817ab58d3efb1bbf9e6bc0d43b377ce5e
  ok     : r1 verified public at its own address, by r2's probe
  ok     : r2 verified public at its own address, by r1's probe
  ok     : client 1 holds a reservation on r2
  ok     : client 2 holds a reservation on r2
  ok     : r1 at its ceiling denies the second client, explicitly
  ok     : the client r1 accepted holds both reservations (c1)
  ok     : exactly one client holds r1, and both hold r2
ROW capacity(1): PASS
== row capacity: r1 holds 2 reservation(s), two clients ask ==
  router-a lan=10.89.0.2 pub=11.0.0.5
  natm-router: snat on eth0 using: masquerade
  router-b lan=10.89.1.2 pub=11.0.0.6
  natm-router-b: snat on eth0 using: masquerade
  NAT mode: eim (both domains)
  filter  : conntrack (both domains)
  kernel : 6.17.9-1.qubes.fc37.x86_64
  podman : podman version 5.8.4
  nft    : nftables v1.1.3 (Commodore Bullmoose #4) (natm-router)
  nft    : nftables v1.1.3 (Commodore Bullmoose #4) (natm-router-b)
  socat  : socat version 1.8.1.3 on 26 Jun 2026 14:49:35 (natm-obs1)
  node   : sha256 5c74aa5ecca22e8d1100071bf8adeb73317cd74f2b1a7fdf1f6742e3fac4e9f4
  pin    : 6500391e752590ac8d89069bba7ed80fc09925bb
  image  : 1f8d1afe3f1f74403335d53bd019759817ab58d3efb1bbf9e6bc0d43b377ce5e
  ok     : r1 verified public at its own address, by r2's probe
  ok     : r2 verified public at its own address, by r1's probe
  ok     : client 1 holds a reservation on r2
  ok     : client 2 holds a reservation on r2
  ok     : client 1 holds both
  ok     : client 2 holds both
  ok     : the control: r1, with room for both, denies nobody
ROW capacity(2): PASS
== row early: reservations asked before the relays are verified ==
  router-a lan=10.89.0.2 pub=11.0.0.5
  natm-router: snat on eth0 using: masquerade
  router-b lan=10.89.1.2 pub=11.0.0.6
  natm-router-b: snat on eth0 using: masquerade
  NAT mode: eim (both domains)
  filter  : conntrack (both domains)
  kernel : 6.17.9-1.qubes.fc37.x86_64
  podman : podman version 5.8.4
  nft    : nftables v1.1.3 (Commodore Bullmoose #4) (natm-router)
  nft    : nftables v1.1.3 (Commodore Bullmoose #4) (natm-router-b)
  socat  : socat version 1.8.1.3 on 26 Jun 2026 14:49:35 (natm-obs1)
  node   : sha256 5c74aa5ecca22e8d1100071bf8adeb73317cd74f2b1a7fdf1f6742e3fac4e9f4
  pin    : 6500391e752590ac8d89069bba7ed80fc09925bb
  image  : 1f8d1afe3f1f74403335d53bd019759817ab58d3efb1bbf9e6bc0d43b377ce5e
  ok     : client 1's early reservation on r1 is refused by the client itself
  ok     : r1 then denies an ask for want of room, with nothing usable held
  ok     : r1 verified public at its own address, by r2's probe
  ok     : r2 verified public at its own address, by r1's probe
  ok     : a usable reservation on r1, once the phantoms have closed (c1)
  measure: r1 first accepted an (address-less) reservation at 802 ms
  measure: r1 denied for want of room from 6796 ms to 90495 ms
  measure: 8 denials, none for a usable reservation held
  measure: the first usable reservation on r1 arrived at 168008 ms of the client's run
ROW early: MEASURED
== row ifchange: the client's interface taken away and given back ==
  router-a lan=10.89.0.2 pub=11.0.0.5
  natm-router: snat on eth0 using: masquerade
  router-b lan=10.89.1.2 pub=11.0.0.6
  natm-router-b: snat on eth0 using: masquerade
  NAT mode: eim (both domains)
  filter  : conntrack (both domains)
  kernel : 6.17.9-1.qubes.fc37.x86_64
  podman : podman version 5.8.4
  nft    : nftables v1.1.3 (Commodore Bullmoose #4) (natm-router)
  nft    : nftables v1.1.3 (Commodore Bullmoose #4) (natm-router-b)
  socat  : socat version 1.8.1.3 on 26 Jun 2026 14:49:35 (natm-obs1)
  node   : sha256 5c74aa5ecca22e8d1100071bf8adeb73317cd74f2b1a7fdf1f6742e3fac4e9f4
  pin    : 6500391e752590ac8d89069bba7ed80fc09925bb
  image  : 1f8d1afe3f1f74403335d53bd019759817ab58d3efb1bbf9e6bc0d43b377ce5e
  ok     : r1 verified public at its own address, by r2's probe
  ok     : r2 verified public at its own address, by r1's probe
  ok     : the client holds a reservation on each relay
  change : disconnected natm-lan (10.89.0.4)
  ok     : the runtime reports the removed address as a network change
  measure: client, in the 120s after removal: 0 x /RelayReservationChanged .*outcome: (Lost|Failed)/
  measure: client, in the 120s after removal: 0 x /RelayReservationChanged .*outcome: Accepted/
  measure: client, in the 120s after removal: 0 x /RelayStandingChanged \{ standing: Satisfied/
  measure: client, in the 120s after removal: 0 x /Disconnected \{ peer/
  measure: client, in the 120s after removal: 0 x /ConnectivityChanged/
  measure: client, in the 120s after removal: last RES 125000 rss_kb=11804 fds=14 peers=2
  measure: r1, in the 120s after removal: 0 x the client's connection or reservation ending
  measure: r2, in the 120s after removal: 0 x the client's connection or reservation ending
  change : reconnected natm-lan (10.89.0.5), default via 10.89.0.2
  ok     : the new address is reported as added
  measure: client, in the 120s after reconnection: 0 x /RelayReservationChanged .*outcome: (Lost|Failed)/
  measure: client, in the 120s after reconnection: 0 x /RelayReservationChanged .*outcome: Accepted/
  measure: client, in the 120s after reconnection: 0 x /RelayStandingChanged \{ standing: Satisfied/
  measure: client, in the 120s after reconnection: 0 x /Disconnected \{ peer/
  measure: client, in the 120s after reconnection: 0 x /ConnectivityChanged/
  measure: client, in the 120s after reconnection: last RES 245001 rss_kb=11780 fds=14 peers=2
  measure: r1, in the 120s after reconnection: 0 x the client's connection or reservation ending
  measure: r2, in the 120s after reconnection: 0 x the client's connection or reservation ending
  ok     : the same PeerId throughout
ROW ifchange: MEASURED
== row punch: 10 trials, NAT_MODE=eim on both domains ==
  router-a lan=10.89.0.2 pub=11.0.0.5
  natm-router: snat on eth1 using: masquerade
  router-b lan=10.89.1.2 pub=11.0.0.6
  natm-router-b: snat on eth0 using: masquerade
  NAT mode: eim (both domains)
  filter  : conntrack (both domains)
  kernel : 6.17.9-1.qubes.fc37.x86_64
  podman : podman version 5.8.4
  nft    : nftables v1.1.3 (Commodore Bullmoose #4) (natm-router)
  nft    : nftables v1.1.3 (Commodore Bullmoose #4) (natm-router-b)
  socat  : socat version 1.8.1.3 on 26 Jun 2026 14:49:35 (natm-obs1)
  node   : sha256 5c74aa5ecca22e8d1100071bf8adeb73317cd74f2b1a7fdf1f6742e3fac4e9f4
  pin    : 6500391e752590ac8d89069bba7ed80fc09925bb
  image  : 1f8d1afe3f1f74403335d53bd019759817ab58d3efb1bbf9e6bc0d43b377ce5e
  ok     : r1 verified public at its own address, by r2's probe
  ok     : r2 verified public at its own address, by r1's probe
  ok     : trial 1: the target holds a reservation on r1
  trial  : 1 Succeeded
  ok     : trial 2: the target holds a reservation on r1
  trial  : 2 Failed
  ok     : trial 3: the target holds a reservation on r1
  trial  : 3 Succeeded
  ok     : trial 4: the target holds a reservation on r1
  trial  : 4 Failed
  ok     : trial 5: the target holds a reservation on r1
  trial  : 5 Failed
  ok     : trial 6: the target holds a reservation on r1
  trial  : 6 Failed
  ok     : trial 7: the target holds a reservation on r1
  trial  : 7 Failed
  ok     : trial 8: the target holds a reservation on r1
  trial  : 8 Failed
  ok     : trial 9: the target holds a reservation on r1
  trial  : 9 Failed
  ok     : trial 10: the target holds a reservation on r1
  trial  : 10 Failed
  measure: NAT_MODE=eim: 2 of 10 punches succeeded; outcomes: Failed=8 Succeeded=2
ROW punch(eim): MEASURED
== row punch: 10 trials, NAT_MODE=eds on both domains ==
  router-a lan=10.89.0.2 pub=11.0.0.5
  natm-router: snat on eth0 using: masquerade random
  router-b lan=10.89.1.2 pub=11.0.0.6
  natm-router-b: snat on eth0 using: masquerade random
  NAT mode: eds (both domains)
  filter  : conntrack (both domains)
  kernel : 6.17.9-1.qubes.fc37.x86_64
  podman : podman version 5.8.4
  nft    : nftables v1.1.3 (Commodore Bullmoose #4) (natm-router)
  nft    : nftables v1.1.3 (Commodore Bullmoose #4) (natm-router-b)
  socat  : socat version 1.8.1.3 on 26 Jun 2026 14:49:35 (natm-obs1)
  node   : sha256 5c74aa5ecca22e8d1100071bf8adeb73317cd74f2b1a7fdf1f6742e3fac4e9f4
  pin    : 6500391e752590ac8d89069bba7ed80fc09925bb
  image  : 1f8d1afe3f1f74403335d53bd019759817ab58d3efb1bbf9e6bc0d43b377ce5e
  ok     : r1 verified public at its own address, by r2's probe
  ok     : r2 verified public at its own address, by r1's probe
  ok     : trial 1: the target holds a reservation on r1
  trial  : 1 Failed
  ok     : trial 2: the target holds a reservation on r1
  trial  : 2 Failed
  ok     : trial 3: the target holds a reservation on r1
  trial  : 3 Failed
  ok     : trial 4: the target holds a reservation on r1
  trial  : 4 Failed
  ok     : trial 5: the target holds a reservation on r1
  trial  : 5 Failed
  ok     : trial 6: the target holds a reservation on r1
  trial  : 6 Failed
  ok     : trial 7: the target holds a reservation on r1
  trial  : 7 Failed
  ok     : trial 8: the target holds a reservation on r1
  trial  : 8 Failed
  ok     : trial 9: the target holds a reservation on r1
  trial  : 9 Failed
  ok     : trial 10: the target holds a reservation on r1
  trial  : 10 Failed
  measure: NAT_MODE=eds: 0 of 10 punches succeeded; outcomes: Failed=10
ROW punch(eds): MEASURED
== row cost: 64 clients, two NAT domains, at r1's default budgets ==
  router-a lan=10.89.0.2 pub=11.0.0.5
  natm-router: snat on eth0 using: masquerade
  router-b lan=10.89.1.2 pub=11.0.0.6
  natm-router-b: snat on eth0 using: masquerade
  NAT mode: eim (both domains)
  filter  : conntrack (both domains)
  kernel : 6.17.9-1.qubes.fc37.x86_64
  podman : podman version 5.8.4
  nft    : nftables v1.1.3 (Commodore Bullmoose #4) (natm-router)
  nft    : nftables v1.1.3 (Commodore Bullmoose #4) (natm-router-b)
  socat  : socat version 1.8.1.3 on 26 Jun 2026 14:49:35 (natm-obs1)
  node   : sha256 5c74aa5ecca22e8d1100071bf8adeb73317cd74f2b1a7fdf1f6742e3fac4e9f4
  pin    : 6500391e752590ac8d89069bba7ed80fc09925bb
  image  : 1f8d1afe3f1f74403335d53bd019759817ab58d3efb1bbf9e6bc0d43b377ce5e
  ok     : r1 verified public at its own address, by r2's probe
  ok     : r2 verified public at its own address, by r1's probe
  ok     : every client holds a reservation on r1 (64)
  ok     : every circuit is up through r1 (64)
  measure: r1 seated 64 clients from two NAT addresses in 58 s
  measure: r1 denials: 0 reservations, 0 circuits
  measure: r1 idle, verified           : RES 45001 rss_kb=11824 fds=14 peers=1
  measure: r1, 64 reservations       : RES 110001 rss_kb=15456 fds=78 peers=65
  measure: r1, and 64 circuits        : RES 310000 rss_kb=17892 fds=78 peers=65
  measure: one client, all up          : RES 240002 rss_kb=11492 fds=13 peers=2
ROW cost: MEASURED
== row ratelimit: 120 circuit requests from one address ==
  router-a lan=10.89.0.2 pub=11.0.0.5
  natm-router: snat on eth0 using: masquerade
  router-b lan=10.89.1.2 pub=11.0.0.6
  natm-router-b: snat on eth0 using: masquerade
  NAT mode: eim (both domains)
  filter  : conntrack (both domains)
  kernel : 6.17.9-1.qubes.fc37.x86_64
  podman : podman version 5.8.4
  nft    : nftables v1.1.3 (Commodore Bullmoose #4) (natm-router)
  nft    : nftables v1.1.3 (Commodore Bullmoose #4) (natm-router-b)
  socat  : socat version 1.8.1.3 on 26 Jun 2026 14:49:35 (natm-obs1)
  node   : sha256 5c74aa5ecca22e8d1100071bf8adeb73317cd74f2b1a7fdf1f6742e3fac4e9f4
  pin    : 6500391e752590ac8d89069bba7ed80fc09925bb
  image  : 1f8d1afe3f1f74403335d53bd019759817ab58d3efb1bbf9e6bc0d43b377ce5e
  ok     : r1 verified public at its own address, by r2's probe
  ok     : r2 verified public at its own address, by r1's probe
  ok     : every client holds a reservation on r1 (60)
  ok     : the circuit requests have begun (6)
  measure: from the first request, per minute:  [min 0: 60 accepted, 120 denied]
  measure: accepted 60 of 120 in 240s
ROW ratelimit: MEASURED
exit=0
